******************************************************************************
                  TI ARM Linker PC v5.2.5                      
******************************************************************************
>> Linked Sat Oct 15 22:35:52 2016

OUTPUT FILE NAME:   <Tutorial2PWM.out>
ENTRY POINT SYMBOL: "_c_int00"  address: 00002f91


MEMORY CONFIGURATION

         name            origin    length      used     unused   attr    fill
----------------------  --------  ---------  --------  --------  ----  --------
  FLASH                 00000000   00040000  00003726  0003c8da  R  X
  SRAM                  20000000   00008000  0000048b  00007b75  RW X


SEGMENT ALLOCATION MAP

run origin  load origin   length   init length attrs members
----------  ----------- ---------- ----------- ----- -------
00000000    00000000    00003728   00003728    r-x
  00000000    00000000    0000026c   0000026c    r-- .intvecs
  0000026c    0000026c    00002eea   00002eea    r-x .text
  00003158    00003158    00000590   00000590    r-- .const
  000036e8    000036e8    00000040   00000040    r-- .cinit
20000000    20000000    0000048f   00000000    rw-
  20000000    20000000    0000026c   00000000    rw- .vtable
  2000026c    2000026c    00000200   00000000    rw- .stack
  20000470    20000470    0000001f   00000000    rw- .data


SECTION ALLOCATION MAP

 output                                  attributes/
section   page    origin      length       input sections
--------  ----  ----------  ----------   ----------------
.intvecs   0    00000000    0000026c     
                  00000000    0000026c     tm4c1233h6pm_startup_ccs.obj (.intvecs)

.text      0    0000026c    00002eea     
                  0000026c    00000ef0     sysctl.obj (.text)
                  0000115c    00000b50     gpio.obj (.text)
                  00001cac    0000065a     timer.obj (.text)
                  00002306    00000002     --HOLE-- [fill = 0]
                  00002308    000003c0     interrupt.obj (.text)
                  000026c8    000001f0     Tutorial3PWM.obj (.text)
                  000028b8    000001b6     rtsv7M4_T_le_v4SPD16_eabi.lib : fd_add_t2.obj (.text)
                  00002a6e    00000002     --HOLE-- [fill = 0]
                  00002a70    00000128     buttons.obj (.text)
                  00002b98    000000fc     rtsv7M4_T_le_v4SPD16_eabi.lib : fd_mul_t2.obj (.text)
                  00002c94    0000009c                                   : memcpy_t2.obj (.text)
                  00002d30    00000086                                   : fd_cmp_t2.obj (.text:__aeabi_cdcmple)
                  00002db6    00000086                                   : fd_cmp_t2.obj (.text:__aeabi_cdrcmple)
                  00002e3c    0000007a                                   : memset_t2.obj (.text)
                  00002eb6    00000002     --HOLE-- [fill = 0]
                  00002eb8    0000006c                                   : autoinit.obj (.text)
                  00002f24    0000006a                                   : copy_decompress_rle.obj (.text)
                  00002f8e    00000002     --HOLE-- [fill = 0]
                  00002f90    00000050                                   : boot.obj (.text)
                  00002fe0    0000004c                                   : cpy_tbl.obj (.text)
                  0000302c    00000044                                   : exit.obj (.text)
                  00003070    00000044                                   : fd_tou_t2.obj (.text)
                  000030b4    0000003e     cpu.obj (.text)
                  000030f2    00000002     --HOLE-- [fill = 0]
                  000030f4    00000018     rtsv7M4_T_le_v4SPD16_eabi.lib : args_main.obj (.text)
                  0000310c    00000014                                   : _lock.obj (.text)
                  00003120    0000000e                                   : copy_decompress_none.obj (.text:decompress:none)
                  0000312e    0000000c                                   : copy_zero_init.obj (.text:decompress:ZI)
                  0000313a    0000000c     tm4c1233h6pm_startup_ccs.obj (.text)
                  00003146    00000006     sysctl.obj (.text:SysCtlDelay)
                  0000314c    00000006     rtsv7M4_T_le_v4SPD16_eabi.lib : copy_decompress_rle.obj (.text:decompress:rle24)
                  00003152    00000004                                   : pre_init.obj (.text)

.const     0    00003158    00000590     
                  00003158    00000120     sysctl.obj (.const:g_pppui32XTALtoVCO)
                  00003278    000000c0     gpio.obj (.const:g_ppui32GPIOIntMapBlizzard)
                  00003338    000000c0     gpio.obj (.const:g_ppui32GPIOIntMapSnowflake)
                  000033f8    0000009c     interrupt.obj (.const:g_pui32Regs)
                  00003494    00000090     gpio.obj (.const:g_pui32GPIOBaseAddrs)
                  00003524    00000070     interrupt.obj (.const)
                  00003594    0000006c     sysctl.obj (.const:g_pui32Xtals)
                  00003600    00000060     timer.obj (.const:g_ppui32TimerIntMap)
                  00003660    00000040     timer.obj (.const:g_ppui32TimerIntMapSnowflake)
                  000036a0    00000030     sysctl.obj (.const:g_sXTALtoMEMTIM)
                  000036d0    00000008     gpio.obj (.const)
                  000036d8    00000008     sysctl.obj (.const)
                  000036e0    00000008     timer.obj (.const)

.cinit     0    000036e8    00000040     
                  000036e8    00000017     (.cinit..data.load) [load image, compression = rle]
                  000036ff    00000001     --HOLE-- [fill = 0]
                  00003700    0000000c     (__TI_handler_table)
                  0000370c    00000004     --HOLE-- [fill = 0]
                  00003710    00000008     (.cinit..vtable.load) [load image, compression = zero_init]
                  00003718    00000010     (__TI_cinit_table)

.init_array 
*          0    00000000    00000000     UNINITIALIZED

.vtable    0    20000000    0000026c     UNINITIALIZED
                  20000000    0000026c     interrupt.obj (.vtable)

.stack     0    2000026c    00000200     UNINITIALIZED
                  2000026c    00000200     --HOLE--

.data      0    20000470    0000001f     UNINITIALIZED
                  20000470    00000008     Tutorial3PWM.obj (.data)
                  20000478    00000008     rtsv7M4_T_le_v4SPD16_eabi.lib : _lock.obj (.data)
                  20000480    00000008                                   : exit.obj (.data)
                  20000488    00000004                                   : stkdepth_vars.obj (.data)
                  2000048c    00000003     buttons.obj (.data)

.TI.persistent 
*          0    20000470    00000000     UNINITIALIZED


LINKER GENERATED COPY TABLES

__TI_cinit_table @ 00003718 records: 2, size/record: 8, table size: 16
	.data: load addr=000036e8, load size=00000017 bytes, run addr=20000470, run size=0000001f bytes, compression=rle
	.vtable: load addr=00003710, load size=00000008 bytes, run addr=20000000, run size=0000026c bytes, compression=zero_init


LINKER GENERATED HANDLER TABLE

__TI_handler_table @ 00003700 records: 3, size/record: 4, table size: 12
	index: 0, handler: __TI_zero_init
	index: 1, handler: __TI_decompress_rle24
	index: 2, handler: __TI_decompress_none


GLOBAL SYMBOLS: SORTED ALPHABETICALLY BY Name 

address   name                            
-------   ----                            
00002b17  ButtonsInit                     
00002a71  ButtonsPoll                     
0000302d  C$$EXIT                         
000030e9  CPUbasepriGet                   
000030db  CPUbasepriSet                   
000030b5  CPUcpsid                        
000030cb  CPUcpsie                        
000030c1  CPUprimask                      
000030d7  CPUwfi                          
00001c87  GPIOADCTriggerDisable           
00001c69  GPIOADCTriggerEnable            
00001c4b  GPIODMATriggerDisable           
00001c2d  GPIODMATriggerEnable            
0000121b  GPIODirModeGet                  
000011bf  GPIODirModeSet                  
0000178f  GPIOIntClear                    
00001753  GPIOIntDisable                  
00001739  GPIOIntEnable                   
000017a3  GPIOIntRegister                 
0000176d  GPIOIntStatus                   
0000130b  GPIOIntTypeGet                  
00001267  GPIOIntTypeSet                  
000017c1  GPIOIntUnregister               
000015e7  GPIOPadConfigGet                
000013a9  GPIOPadConfigSet                
00001bcf  GPIOPinConfigure                
000017db  GPIOPinRead                     
00001813  GPIOPinTypeADC                  
00001837  GPIOPinTypeCAN                  
0000185b  GPIOPinTypeComparator           
0000187f  GPIOPinTypeComparatorOutput     
000018a3  GPIOPinTypeDIVSCLK              
000018c7  GPIOPinTypeEPI                  
000018eb  GPIOPinTypeEthernetLED          
0000190f  GPIOPinTypeEthernetMII          
00001933  GPIOPinTypeGPIOInput            
00001957  GPIOPinTypeGPIOOutput           
0000197b  GPIOPinTypeGPIOOutputOD         
0000199f  GPIOPinTypeHibernateRTCCLK      
000019c3  GPIOPinTypeI2C                  
000019e7  GPIOPinTypeI2CSCL               
00001a0b  GPIOPinTypeLCD                  
00001a2f  GPIOPinTypeOneWire              
00001a53  GPIOPinTypePWM                  
00001a77  GPIOPinTypeQEI                  
00001a9b  GPIOPinTypeSSI                  
00001abf  GPIOPinTypeTimer                
00001ae3  GPIOPinTypeTrace                
00001b07  GPIOPinTypeUART                 
00001b2b  GPIOPinTypeUSBAnalog            
00001b4f  GPIOPinTypeUSBDigital           
00001b73  GPIOPinTypeWakeHigh             
00001b99  GPIOPinTypeWakeLow              
00001bbf  GPIOPinWakeStatus               
000017f3  GPIOPinWrite                    
000024c9  IntDisable                      
00002457  IntEnable                       
0000253b  IntIsEnabled                    
0000231b  IntMasterDisable                
0000230b  IntMasterEnable                 
00002631  IntPendClear                    
000025c1  IntPendSet                      
00002433  IntPriorityGet                  
000023ab  IntPriorityGroupingGet          
00002391  IntPriorityGroupingSet          
0000268b  IntPriorityMaskGet              
0000267f  IntPriorityMaskSet              
000023e3  IntPrioritySet                  
0000232b  IntRegister                     
00002693  IntTrigger                      
0000237d  IntUnregister                   
0000313b  ResetISR                        
00002791  RutinaISR                       
UNDEFED   SHT$$INIT_ARRAY$$Base           
UNDEFED   SHT$$INIT_ARRAY$$Limit          
000010ff  SysCtlAltClkConfig              
000008d9  SysCtlClockFreqSet              
00000dbd  SysCtlClockGet                  
000010e3  SysCtlClockOutConfig            
00000bf1  SysCtlClockSet                  
000007d9  SysCtlDeepSleep                 
00000f85  SysCtlDeepSleepClockConfigSet   
00000f69  SysCtlDeepSleepClockSet         
000007b9  SysCtlDeepSleepPowerSet         
00003147  SysCtlDelay                     
00000365  SysCtlFlashSectorSizeGet        
00000339  SysCtlFlashSizeGet              
0000105b  SysCtlGPIOAHBDisable            
0000103f  SysCtlGPIOAHBEnable             
0000074d  SysCtlIntClear                  
00000735  SysCtlIntDisable                
00000721  SysCtlIntEnable                 
000006f9  SysCtlIntRegister               
0000075d  SysCtlIntStatus                 
00000711  SysCtlIntUnregister             
0000079f  SysCtlLDODeepSleepGet           
0000078f  SysCtlLDODeepSleepSet           
00000789  SysCtlLDOSleepGet               
00000779  SysCtlLDOSleepSet               
0000080f  SysCtlMOSCConfigSet             
000010cf  SysCtlNMIClear                  
000010c9  SysCtlNMIStatus                 
00000825  SysCtlPIOSCCalibrate            
00001029  SysCtlPWMClockGet               
0000100f  SysCtlPWMClockSet               
000006a5  SysCtlPeripheralClockGating     
0000065d  SysCtlPeripheralDeepSleepDisable
0000060d  SysCtlPeripheralDeepSleepEnable 
00000549  SysCtlPeripheralDisable         
0000050d  SysCtlPeripheralEnable          
00000449  SysCtlPeripheralPowerOff        
0000040d  SysCtlPeripheralPowerOn         
0000038d  SysCtlPeripheralPresent         
000003cd  SysCtlPeripheralReady           
00000485  SysCtlPeripheralReset           
000005d1  SysCtlPeripheralSleepDisable    
0000058d  SysCtlPeripheralSleepEnable     
000007c9  SysCtlReset                     
00000885  SysCtlResetBehaviorGet          
00000875  SysCtlResetBehaviorSet          
000007fb  SysCtlResetCauseClear           
000007f5  SysCtlResetCauseGet             
0000032f  SysCtlSRAMSizeGet               
000007d1  SysCtlSleep                     
000007a5  SysCtlSleepPowerSet             
00001083  SysCtlUSBPLLDisable             
00001077  SysCtlUSBPLLEnable              
000010af  SysCtlVoltageEventClear         
00001095  SysCtlVoltageEventConfig        
000010a9  SysCtlVoltageEventStatus        
00002285  TimerADCEventGet                
00002273  TimerADCEventSet                
00001f9d  TimerClockSourceGet             
00001f81  TimerClockSourceSet             
00001d5f  TimerConfigure                  
00001e7f  TimerControlEvent               
00001ddb  TimerControlLevel               
00001ea9  TimerControlStall               
00001e11  TimerControlTrigger             
00001edf  TimerControlWaitOnTrigger       
000022a5  TimerDMAEventGet                
00002293  TimerDMAEventSet                
00001d41  TimerDisable                    
00001d23  TimerEnable                     
0000224f  TimerIntClear                   
00002219  TimerIntDisable                 
00002201  TimerIntEnable                  
000021bb  TimerIntRegister                
00002231  TimerIntStatus                  
000021e3  TimerIntUnregister              
00002067  TimerLoadGet                    
000020a3  TimerLoadGet64                  
0000203d  TimerLoadSet                    
00002083  TimerLoadSet64                  
0000214d  TimerMatchGet                   
00002189  TimerMatchGet64                 
00002123  TimerMatchSet                   
00002169  TimerMatchSet64                 
00001fd7  TimerPrescaleGet                
00002021  TimerPrescaleMatchGet           
00001ff3  TimerPrescaleMatchSet           
00001fad  TimerPrescaleSet                
00001f55  TimerRTCDisable                 
00001f3f  TimerRTCEnable                  
00002261  TimerSynchronize                
000022b3  TimerUpdateMode                 
000020d5  TimerValueGet                   
000020f1  TimerValueGet64                 
2000046c  __STACK_END                     
00000200  __STACK_SIZE                    
2000046c  __STACK_TOP                     
00003718  __TI_CINIT_Base                 
00003728  __TI_CINIT_Limit                
00003700  __TI_Handler_Table_Base         
0000370c  __TI_Handler_Table_Limit        
00002eb9  __TI_auto_init                  
20000480  __TI_cleanup_ptr                
00003121  __TI_decompress_none            
0000314d  __TI_decompress_rle24           
20000484  __TI_dtors_ptr                  
00000000  __TI_static_base__              
0000312f  __TI_zero_init                  
00002d31  __aeabi_cdcmpeq                 
00002d31  __aeabi_cdcmple                 
00002db7  __aeabi_cdrcmple                
00003071  __aeabi_d2uiz                   
000028c3  __aeabi_dadd                    
00002b99  __aeabi_dmul                    
000028b9  __aeabi_dsub                    
00002e3d  __aeabi_memclr                  
00002e3d  __aeabi_memclr4                 
00002e3d  __aeabi_memclr8                 
00002c95  __aeabi_memcpy                  
00002c95  __aeabi_memcpy4                 
00002c95  __aeabi_memcpy8                 
00002e3f  __aeabi_memset                  
00002e3f  __aeabi_memset4                 
00002e3f  __aeabi_memset8                 
ffffffff  __binit__                       
ffffffff  __c_args__                      
2000026c  __stack                         
000030f5  _args_main                      
00002f91  _c_int00                        
20000478  _lock                           
0000311b  _nop                            
00003113  _register_lock                  
0000310d  _register_unlock                
00003153  _system_pre_init                
2000047c  _unlock                         
00003031  abort                           
ffffffff  binit                           
00002fe1  copy_in                         
00003039  exit                            
20000000  g_pfnRAMVectors                 
00000000  g_pfnVectors                    
000026c9  main                            
20000488  main_func_sp                    
00002c95  memcpy                          
00002e45  memset                          
20000470  pwm                             


GLOBAL SYMBOLS: SORTED BY Symbol Address 

address   name                            
-------   ----                            
00000000  __TI_static_base__              
00000000  g_pfnVectors                    
00000200  __STACK_SIZE                    
0000032f  SysCtlSRAMSizeGet               
00000339  SysCtlFlashSizeGet              
00000365  SysCtlFlashSectorSizeGet        
0000038d  SysCtlPeripheralPresent         
000003cd  SysCtlPeripheralReady           
0000040d  SysCtlPeripheralPowerOn         
00000449  SysCtlPeripheralPowerOff        
00000485  SysCtlPeripheralReset           
0000050d  SysCtlPeripheralEnable          
00000549  SysCtlPeripheralDisable         
0000058d  SysCtlPeripheralSleepEnable     
000005d1  SysCtlPeripheralSleepDisable    
0000060d  SysCtlPeripheralDeepSleepEnable 
0000065d  SysCtlPeripheralDeepSleepDisable
000006a5  SysCtlPeripheralClockGating     
000006f9  SysCtlIntRegister               
00000711  SysCtlIntUnregister             
00000721  SysCtlIntEnable                 
00000735  SysCtlIntDisable                
0000074d  SysCtlIntClear                  
0000075d  SysCtlIntStatus                 
00000779  SysCtlLDOSleepSet               
00000789  SysCtlLDOSleepGet               
0000078f  SysCtlLDODeepSleepSet           
0000079f  SysCtlLDODeepSleepGet           
000007a5  SysCtlSleepPowerSet             
000007b9  SysCtlDeepSleepPowerSet         
000007c9  SysCtlReset                     
000007d1  SysCtlSleep                     
000007d9  SysCtlDeepSleep                 
000007f5  SysCtlResetCauseGet             
000007fb  SysCtlResetCauseClear           
0000080f  SysCtlMOSCConfigSet             
00000825  SysCtlPIOSCCalibrate            
00000875  SysCtlResetBehaviorSet          
00000885  SysCtlResetBehaviorGet          
000008d9  SysCtlClockFreqSet              
00000bf1  SysCtlClockSet                  
00000dbd  SysCtlClockGet                  
00000f69  SysCtlDeepSleepClockSet         
00000f85  SysCtlDeepSleepClockConfigSet   
0000100f  SysCtlPWMClockSet               
00001029  SysCtlPWMClockGet               
0000103f  SysCtlGPIOAHBEnable             
0000105b  SysCtlGPIOAHBDisable            
00001077  SysCtlUSBPLLEnable              
00001083  SysCtlUSBPLLDisable             
00001095  SysCtlVoltageEventConfig        
000010a9  SysCtlVoltageEventStatus        
000010af  SysCtlVoltageEventClear         
000010c9  SysCtlNMIStatus                 
000010cf  SysCtlNMIClear                  
000010e3  SysCtlClockOutConfig            
000010ff  SysCtlAltClkConfig              
000011bf  GPIODirModeSet                  
0000121b  GPIODirModeGet                  
00001267  GPIOIntTypeSet                  
0000130b  GPIOIntTypeGet                  
000013a9  GPIOPadConfigSet                
000015e7  GPIOPadConfigGet                
00001739  GPIOIntEnable                   
00001753  GPIOIntDisable                  
0000176d  GPIOIntStatus                   
0000178f  GPIOIntClear                    
000017a3  GPIOIntRegister                 
000017c1  GPIOIntUnregister               
000017db  GPIOPinRead                     
000017f3  GPIOPinWrite                    
00001813  GPIOPinTypeADC                  
00001837  GPIOPinTypeCAN                  
0000185b  GPIOPinTypeComparator           
0000187f  GPIOPinTypeComparatorOutput     
000018a3  GPIOPinTypeDIVSCLK              
000018c7  GPIOPinTypeEPI                  
000018eb  GPIOPinTypeEthernetLED          
0000190f  GPIOPinTypeEthernetMII          
00001933  GPIOPinTypeGPIOInput            
00001957  GPIOPinTypeGPIOOutput           
0000197b  GPIOPinTypeGPIOOutputOD         
0000199f  GPIOPinTypeHibernateRTCCLK      
000019c3  GPIOPinTypeI2C                  
000019e7  GPIOPinTypeI2CSCL               
00001a0b  GPIOPinTypeLCD                  
00001a2f  GPIOPinTypeOneWire              
00001a53  GPIOPinTypePWM                  
00001a77  GPIOPinTypeQEI                  
00001a9b  GPIOPinTypeSSI                  
00001abf  GPIOPinTypeTimer                
00001ae3  GPIOPinTypeTrace                
00001b07  GPIOPinTypeUART                 
00001b2b  GPIOPinTypeUSBAnalog            
00001b4f  GPIOPinTypeUSBDigital           
00001b73  GPIOPinTypeWakeHigh             
00001b99  GPIOPinTypeWakeLow              
00001bbf  GPIOPinWakeStatus               
00001bcf  GPIOPinConfigure                
00001c2d  GPIODMATriggerEnable            
00001c4b  GPIODMATriggerDisable           
00001c69  GPIOADCTriggerEnable            
00001c87  GPIOADCTriggerDisable           
00001d23  TimerEnable                     
00001d41  TimerDisable                    
00001d5f  TimerConfigure                  
00001ddb  TimerControlLevel               
00001e11  TimerControlTrigger             
00001e7f  TimerControlEvent               
00001ea9  TimerControlStall               
00001edf  TimerControlWaitOnTrigger       
00001f3f  TimerRTCEnable                  
00001f55  TimerRTCDisable                 
00001f81  TimerClockSourceSet             
00001f9d  TimerClockSourceGet             
00001fad  TimerPrescaleSet                
00001fd7  TimerPrescaleGet                
00001ff3  TimerPrescaleMatchSet           
00002021  TimerPrescaleMatchGet           
0000203d  TimerLoadSet                    
00002067  TimerLoadGet                    
00002083  TimerLoadSet64                  
000020a3  TimerLoadGet64                  
000020d5  TimerValueGet                   
000020f1  TimerValueGet64                 
00002123  TimerMatchSet                   
0000214d  TimerMatchGet                   
00002169  TimerMatchSet64                 
00002189  TimerMatchGet64                 
000021bb  TimerIntRegister                
000021e3  TimerIntUnregister              
00002201  TimerIntEnable                  
00002219  TimerIntDisable                 
00002231  TimerIntStatus                  
0000224f  TimerIntClear                   
00002261  TimerSynchronize                
00002273  TimerADCEventSet                
00002285  TimerADCEventGet                
00002293  TimerDMAEventSet                
000022a5  TimerDMAEventGet                
000022b3  TimerUpdateMode                 
0000230b  IntMasterEnable                 
0000231b  IntMasterDisable                
0000232b  IntRegister                     
0000237d  IntUnregister                   
00002391  IntPriorityGroupingSet          
000023ab  IntPriorityGroupingGet          
000023e3  IntPrioritySet                  
00002433  IntPriorityGet                  
00002457  IntEnable                       
000024c9  IntDisable                      
0000253b  IntIsEnabled                    
000025c1  IntPendSet                      
00002631  IntPendClear                    
0000267f  IntPriorityMaskSet              
0000268b  IntPriorityMaskGet              
00002693  IntTrigger                      
000026c9  main                            
00002791  RutinaISR                       
000028b9  __aeabi_dsub                    
000028c3  __aeabi_dadd                    
00002a71  ButtonsPoll                     
00002b17  ButtonsInit                     
00002b99  __aeabi_dmul                    
00002c95  __aeabi_memcpy                  
00002c95  __aeabi_memcpy4                 
00002c95  __aeabi_memcpy8                 
00002c95  memcpy                          
00002d31  __aeabi_cdcmpeq                 
00002d31  __aeabi_cdcmple                 
00002db7  __aeabi_cdrcmple                
00002e3d  __aeabi_memclr                  
00002e3d  __aeabi_memclr4                 
00002e3d  __aeabi_memclr8                 
00002e3f  __aeabi_memset                  
00002e3f  __aeabi_memset4                 
00002e3f  __aeabi_memset8                 
00002e45  memset                          
00002eb9  __TI_auto_init                  
00002f91  _c_int00                        
00002fe1  copy_in                         
0000302d  C$$EXIT                         
00003031  abort                           
00003039  exit                            
00003071  __aeabi_d2uiz                   
000030b5  CPUcpsid                        
000030c1  CPUprimask                      
000030cb  CPUcpsie                        
000030d7  CPUwfi                          
000030db  CPUbasepriSet                   
000030e9  CPUbasepriGet                   
000030f5  _args_main                      
0000310d  _register_unlock                
00003113  _register_lock                  
0000311b  _nop                            
00003121  __TI_decompress_none            
0000312f  __TI_zero_init                  
0000313b  ResetISR                        
00003147  SysCtlDelay                     
0000314d  __TI_decompress_rle24           
00003153  _system_pre_init                
00003700  __TI_Handler_Table_Base         
0000370c  __TI_Handler_Table_Limit        
00003718  __TI_CINIT_Base                 
00003728  __TI_CINIT_Limit                
20000000  g_pfnRAMVectors                 
2000026c  __stack                         
2000046c  __STACK_END                     
2000046c  __STACK_TOP                     
20000470  pwm                             
20000478  _lock                           
2000047c  _unlock                         
20000480  __TI_cleanup_ptr                
20000484  __TI_dtors_ptr                  
20000488  main_func_sp                    
ffffffff  __binit__                       
ffffffff  __c_args__                      
ffffffff  binit                           
UNDEFED   SHT$$INIT_ARRAY$$Base           
UNDEFED   SHT$$INIT_ARRAY$$Limit          

[220 symbols]
